// Jest Snapshot v1, https://goo.gl/fbAQLP

exports[`Input renders correctly 1`] = `
<input
  onChange={[Function]}
  placeholder="user@gmail.com"
  type="text"
  value=""
/>
`;
